mode 1 scale 1.0 done
mode 1 scale 0.5 done
mode 1 scale 2.0 done
mode 2 scale 1.0 done
mode 2 scale 0.5 done
mode 2 scale 2.0 done
set                           S1                                  S2                                  S3                                  S4                  
move                       False             True              False             True              False             True              False             True 
mode true drop                                                                                                                                                
1    C    0.01  DIFFERENT_ACTION  DIFFERENT_ACTION  DIFFERENT_ACTION  DIFFERENT_ACTION  DIFFERENT_ACTION  DIFFERENT_ACTION  DIFFERENT_ACTION  DIFFERENT_ACTION
          0.02  DIFFERENT_ACTION  DIFFERENT_ACTION  DIFFERENT_ACTION  DIFFERENT_ACTION  DIFFERENT_ACTION  DIFFERENT_ACTION  DIFFERENT_ACTION  DIFFERENT_ACTION
          0.05  DIFFERENT_ACTION   DISTINGUISHABLE  DIFFERENT_ACTION   DISTINGUISHABLE  DIFFERENT_ACTION   DISTINGUISHABLE   DISTINGUISHABLE   DISTINGUISHABLE
          0.10  DIFFERENT_ACTION   DISTINGUISHABLE  DIFFERENT_ACTION   DISTINGUISHABLE  DIFFERENT_ACTION   DISTINGUISHABLE   DISTINGUISHABLE   DISTINGUISHABLE
          0.20       UNREACHABLE       UNREACHABLE       UNREACHABLE       UNREACHABLE       UNREACHABLE       UNREACHABLE       UNREACHABLE       UNREACHABLE
     F    0.01  DIFFERENT_ACTION  DIFFERENT_ACTION  DIFFERENT_ACTION  DIFFERENT_ACTION  DIFFERENT_ACTION  DIFFERENT_ACTION  DIFFERENT_ACTION  DIFFERENT_ACTION
          0.02  DIFFERENT_ACTION  DIFFERENT_ACTION  DIFFERENT_ACTION  DIFFERENT_ACTION  DIFFERENT_ACTION  DIFFERENT_ACTION  DIFFERENT_ACTION  DIFFERENT_ACTION
          0.05  DIFFERENT_ACTION   DISTINGUISHABLE  DIFFERENT_ACTION   DISTINGUISHABLE  DIFFERENT_ACTION   DISTINGUISHABLE   DISTINGUISHABLE   DISTINGUISHABLE
          0.10  DIFFERENT_ACTION   DISTINGUISHABLE  DIFFERENT_ACTION   DISTINGUISHABLE   DISTINGUISHABLE   DISTINGUISHABLE   DISTINGUISHABLE   DISTINGUISHABLE
          0.20  DIFFERENT_ACTION   DISTINGUISHABLE  DIFFERENT_ACTION   DISTINGUISHABLE   DISTINGUISHABLE   DISTINGUISHABLE   DISTINGUISHABLE   DISTINGUISHABLE
     M    0.01  DIFFERENT_ACTION  DIFFERENT_ACTION  DIFFERENT_ACTION  DIFFERENT_ACTION  DIFFERENT_ACTION  DIFFERENT_ACTION  DIFFERENT_ACTION  DIFFERENT_ACTION
          0.02  DIFFERENT_ACTION   DISTINGUISHABLE  DIFFERENT_ACTION   DISTINGUISHABLE  DIFFERENT_ACTION   DISTINGUISHABLE  DIFFERENT_ACTION   DISTINGUISHABLE
          0.05  DIFFERENT_ACTION   DISTINGUISHABLE  DIFFERENT_ACTION   DISTINGUISHABLE  DIFFERENT_ACTION   DISTINGUISHABLE  DIFFERENT_ACTION   DISTINGUISHABLE
          0.10  DIFFERENT_ACTION   DISTINGUISHABLE  DIFFERENT_ACTION   DISTINGUISHABLE  DIFFERENT_ACTION   DISTINGUISHABLE  DIFFERENT_ACTION   DISTINGUISHABLE
          0.20  DIFFERENT_ACTION   DISTINGUISHABLE  DIFFERENT_ACTION   DISTINGUISHABLE  DIFFERENT_ACTION   DISTINGUISHABLE  DIFFERENT_ACTION   DISTINGUISHABLE
     S    0.01  DIFFERENT_ACTION  DIFFERENT_ACTION  DIFFERENT_ACTION  DIFFERENT_ACTION  DIFFERENT_ACTION  DIFFERENT_ACTION  DIFFERENT_ACTION  DIFFERENT_ACTION
          0.02  DIFFERENT_ACTION  DIFFERENT_ACTION  DIFFERENT_ACTION  DIFFERENT_ACTION  DIFFERENT_ACTION  DIFFERENT_ACTION  DIFFERENT_ACTION  DIFFERENT_ACTION
          0.05  DIFFERENT_ACTION  DIFFERENT_ACTION  DIFFERENT_ACTION  DIFFERENT_ACTION  DIFFERENT_ACTION   DISTINGUISHABLE  DIFFERENT_ACTION   DISTINGUISHABLE
          0.10  DIFFERENT_ACTION   DISTINGUISHABLE  DIFFERENT_ACTION   DISTINGUISHABLE  DIFFERENT_ACTION   DISTINGUISHABLE  DIFFERENT_ACTION   DISTINGUISHABLE
          0.20  DIFFERENT_ACTION   DISTINGUISHABLE  DIFFERENT_ACTION   DISTINGUISHABLE  DIFFERENT_ACTION   DISTINGUISHABLE  DIFFERENT_ACTION   DISTINGUISHABLE
2    C    0.01  DIFFERENT_ACTION  DIFFERENT_ACTION  DIFFERENT_ACTION  DIFFERENT_ACTION  DIFFERENT_ACTION  DIFFERENT_ACTION  DIFFERENT_ACTION  DIFFERENT_ACTION
          0.02  DIFFERENT_ACTION       SAME_ACTION  DIFFERENT_ACTION       SAME_ACTION  DIFFERENT_ACTION       SAME_ACTION  DIFFERENT_ACTION       SAME_ACTION
          0.05  DIFFERENT_ACTION       SAME_ACTION  DIFFERENT_ACTION       SAME_ACTION  DIFFERENT_ACTION       SAME_ACTION  DIFFERENT_ACTION       SAME_ACTION
          0.10       UNREACHABLE       UNREACHABLE       UNREACHABLE       UNREACHABLE       UNREACHABLE       UNREACHABLE       UNREACHABLE       UNREACHABLE
          0.20       UNREACHABLE       UNREACHABLE       UNREACHABLE       UNREACHABLE       UNREACHABLE       UNREACHABLE       UNREACHABLE       UNREACHABLE
     F    0.01       UNREACHABLE       UNREACHABLE       UNREACHABLE       UNREACHABLE       UNREACHABLE       UNREACHABLE       UNREACHABLE       UNREACHABLE
          0.02       UNREACHABLE       UNREACHABLE       UNREACHABLE       UNREACHABLE       UNREACHABLE       UNREACHABLE       UNREACHABLE       UNREACHABLE
          0.05       UNREACHABLE       UNREACHABLE       UNREACHABLE       UNREACHABLE       UNREACHABLE       UNREACHABLE       UNREACHABLE       UNREACHABLE
          0.10       UNREACHABLE       UNREACHABLE       UNREACHABLE       UNREACHABLE       UNREACHABLE       UNREACHABLE       UNREACHABLE       UNREACHABLE
          0.20       UNREACHABLE       UNREACHABLE       UNREACHABLE       UNREACHABLE       UNREACHABLE       UNREACHABLE       UNREACHABLE       UNREACHABLE
     M    0.01  DIFFERENT_ACTION       SAME_ACTION  DIFFERENT_ACTION       SAME_ACTION  DIFFERENT_ACTION       SAME_ACTION  DIFFERENT_ACTION       SAME_ACTION
          0.02  DIFFERENT_ACTION       SAME_ACTION  DIFFERENT_ACTION       SAME_ACTION  DIFFERENT_ACTION       SAME_ACTION  DIFFERENT_ACTION       SAME_ACTION
          0.05  DIFFERENT_ACTION       SAME_ACTION  DIFFERENT_ACTION       SAME_ACTION  DIFFERENT_ACTION       SAME_ACTION  DIFFERENT_ACTION   DISTINGUISHABLE
          0.10  DIFFERENT_ACTION   DISTINGUISHABLE  DIFFERENT_ACTION   DISTINGUISHABLE  DIFFERENT_ACTION   DISTINGUISHABLE  DIFFERENT_ACTION   DISTINGUISHABLE
          0.20  DIFFERENT_ACTION   DISTINGUISHABLE  DIFFERENT_ACTION   DISTINGUISHABLE  DIFFERENT_ACTION   DISTINGUISHABLE  DIFFERENT_ACTION   DISTINGUISHABLE
     S    0.01  DIFFERENT_ACTION  DIFFERENT_ACTION  DIFFERENT_ACTION  DIFFERENT_ACTION  DIFFERENT_ACTION  DIFFERENT_ACTION  DIFFERENT_ACTION  DIFFERENT_ACTION
          0.02  DIFFERENT_ACTION   DISTINGUISHABLE  DIFFERENT_ACTION   DISTINGUISHABLE  DIFFERENT_ACTION   DISTINGUISHABLE  DIFFERENT_ACTION   DISTINGUISHABLE
          0.05  DIFFERENT_ACTION   DISTINGUISHABLE  DIFFERENT_ACTION   DISTINGUISHABLE  DIFFERENT_ACTION   DISTINGUISHABLE  DIFFERENT_ACTION   DISTINGUISHABLE
          0.10  DIFFERENT_ACTION   DISTINGUISHABLE  DIFFERENT_ACTION   DISTINGUISHABLE  DIFFERENT_ACTION   DISTINGUISHABLE  DIFFERENT_ACTION   DISTINGUISHABLE
          0.20       UNREACHABLE       UNREACHABLE       UNREACHABLE       UNREACHABLE       UNREACHABLE       UNREACHABLE       UNREACHABLE       UNREACHABLE
