nominal H1 passive MHE 2 CATALYST True 0.05 36.0
nominal H1 passive MHE 1 BOTH False 0.0 nan
nominal H1 passive MHE 0 CATALYST True 0.17 19.0
nominal H1 passive EKF 0 CATALYST True 0.83 48.0
nominal H1 passive EKF 2 BOTH False 0.0 nan
nominal H1 passive EKF 1 CATALYST True 0.9 11.0
nominal H1 active MHE 2 BOTH False 0.0 nan
nominal H1 active MHE 1 BOTH False 0.0 nan
nominal H1 active MHE 0 CATALYST True 0.15 19.0
nominal H1 active EKF 0 CATALYST True 0.85 48.0
nominal H1 active EKF 1 CATALYST True 0.88 11.0
nominal H1 active EKF 2 BOTH False 0.0 nan
nominal H2 passive MHE 1 MEMBRANE True 0.0 6.0
nominal H2 passive MHE 0 MEMBRANE True 0.0 6.0
nominal H2 passive MHE 2 MEMBRANE True 0.0 6.0
nominal H2 passive EKF 0 MEMBRANE True 0.85 5.0
nominal H2 passive EKF 1 BOTH False 0.0 nan
nominal H2 passive EKF 2 MEMBRANE True 1.0 4.0
nominal H2 active MHE 0 NOT_ESTABLISHED False 0.0 nan
nominal H2 active MHE 2 NOT_ESTABLISHED False 0.0 nan
nominal H2 active MHE 1 NOT_ESTABLISHED False 0.0 nan
nominal H2 active EKF 1 BOTH False 0.0 nan
nominal H2 active EKF 0 MEMBRANE True 0.88 5.0
nominal H2 active EKF 2 MEMBRANE True 1.0 4.0
nominal H3 passive MHE 1 BOTH False 0.0 nan
nominal H3 passive MHE 0 CATALYST True 0.37 21.0
nominal H3 passive MHE 2 CATALYST True 0.12 35.0
nominal H3 passive EKF 0 CATALYST True 0.9 24.0
nominal H3 passive EKF 2 BOTH False 0.0 nan
nominal H3 passive EKF 1 CATALYST True 0.83 13.0
nominal H3 active MHE 1 BOTH False 0.0 nan
nominal H3 active MHE 2 BOTH False 0.0 nan
nominal H3 active MHE 0 CATALYST True 0.12 20.0
nominal H3 active EKF 0 CATALYST True 0.93 24.0
nominal H3 active EKF 1 CATALYST True 0.85 16.0
nominal H3 active EKF 2 BOTH False 0.0 nan
nominal H4 passive MHE 0 MEMBRANE True 0.76 22.0
nominal H4 passive MHE 1 MEMBRANE True 0.76 22.0
nominal H4 passive MHE 2 MEMBRANE True 0.76 22.0
nominal H4 passive EKF 0 MEMBRANE True 0.95 21.0
nominal H4 passive EKF 1 BOTH False 0.0 nan
nominal H4 passive EKF 2 MEMBRANE True 0.85 21.0
nominal H4 active MHE 1 MEMBRANE True 0.51 40.0
nominal H4 active MHE 0 MEMBRANE True 0.29 60.0
nominal H4 active MHE 2 MEMBRANE True 0.37 46.0
nominal H4 active EKF 0 MEMBRANE True 0.93 21.0
nominal H4 active EKF 1 BOTH False 0.0 nan
nominal H4 active EKF 2 MEMBRANE True 0.85 21.0
nominal H5 passive MHE 1 HEALTHY True 1.0 1.0
nominal H5 passive MHE 0 HEALTHY True 1.0 1.0
nominal H5 passive EKF 0 HEALTHY True 0.56 1.0
nominal H5 passive MHE 2 HEALTHY True 1.0 1.0
nominal H5 passive EKF 1 HEALTHY True 0.0 36.0
nominal H5 passive EKF 2 HEALTHY True 0.85 1.0
nominal H5 active MHE 1 HEALTHY True 1.0 1.0
nominal H5 active MHE 0 HEALTHY True 1.0 1.0
nominal H5 active EKF 0 HEALTHY True 0.61 1.0
nominal H5 active EKF 1 HEALTHY True 0.02 39.0
nominal H5 active MHE 2 HEALTHY True 1.0 1.0
nominal H5 active EKF 2 HEALTHY True 0.88 1.0
nominal H6 passive MHE 1 NOT_ESTABLISHED True 0.83 1.0
nominal H6 passive MHE 0 NOT_ESTABLISHED True 0.71 1.0
nominal H6 passive MHE 2 NOT_ESTABLISHED True 0.46 1.0
nominal H6 passive EKF 0 NOT_ESTABLISHED True 0.07 1.0
nominal H6 passive EKF 1 NOT_ESTABLISHED True 0.0 39.0
nominal H6 passive EKF 2 MEMBRANE False 0.12 nan
nominal H6 active MHE 1 NOT_ESTABLISHED True 0.78 1.0
nominal H6 active MHE 0 NOT_ESTABLISHED True 0.49 1.0
nominal H6 active EKF 0 NOT_ESTABLISHED True 0.12 1.0
nominal H6 active MHE 2 NOT_ESTABLISHED True 0.39 1.0
nominal H6 active EKF 1 NOT_ESTABLISHED True 0.0 60.0
nominal H6 active EKF 2 MEMBRANE False 0.2 nan
nominal H7 passive MHE 0 BOTH True 0.0 22.0
nominal H7 passive MHE 1 BOTH True 0.0 33.0
nominal H7 passive MHE 2 BOTH True 0.0 34.0
nominal H7 passive EKF 0 BOTH True 0.93 25.0
nominal H7 passive EKF 1 BOTH True 0.51 10.0
nominal H7 passive EKF 2 MEMBRANE False 0.05 nan
nominal H7 active MHE 0 BOTH True 0.0 60.0
nominal H7 active MHE 1 NOT_ESTABLISHED False 0.0 nan
nominal H7 active MHE 2 BOTH True 0.0 57.0
nominal H7 active EKF 0 BOTH True 0.95 24.0
nominal H7 active EKF 1 BOTH True 0.63 10.0
kinpert H1 passive MHE 1 HEALTHY False 0.0 nan
kinpert H1 passive MHE 0 HEALTHY False 0.0 nan
nominal H7 active EKF 2 MEMBRANE False 0.05 nan
kinpert H1 passive MHE 2 HEALTHY False 0.0 nan
kinpert H1 passive EKF 0 HEALTHY False 0.0 nan
kinpert H1 passive EKF 1 HEALTHY False 0.0 nan
kinpert H1 passive EKF 2 HEALTHY False 0.0 nan
kinpert H1 active MHE 0 HEALTHY False 0.0 nan
kinpert H1 active MHE 1 HEALTHY False 0.0 nan
kinpert H1 active MHE 2 HEALTHY False 0.0 nan
kinpert H1 active EKF 0 HEALTHY False 0.0 nan
kinpert H1 active EKF 1 HEALTHY False 0.0 nan
kinpert H1 active EKF 2 HEALTHY False 0.0 nan
kinpert H2 passive MHE 0 NOT_ESTABLISHED False 0.0 nan
kinpert H2 passive MHE 1 NOT_ESTABLISHED False 0.0 nan
kinpert H2 passive MHE 2 NOT_ESTABLISHED False 0.0 nan
kinpert H2 passive EKF 0 MEMBRANE True 0.0 21.0
kinpert H2 passive EKF 1 MEMBRANE True 0.0 21.0
kinpert H2 passive EKF 2 MEMBRANE True 0.0 20.0
kinpert H2 active MHE 0 NOT_ESTABLISHED False 0.0 nan
kinpert H2 active MHE 1 NOT_ESTABLISHED False 0.0 nan
kinpert H2 active MHE 2 NOT_ESTABLISHED False 0.0 nan
kinpert H2 active EKF 0 MEMBRANE True 0.0 18.0
kinpert H2 active EKF 1 MEMBRANE True 0.0 18.0
kinpert H3 passive MHE 0 HEALTHY False 0.0 nan
kinpert H2 active EKF 2 MEMBRANE True 0.0 17.0
kinpert H3 passive MHE 1 HEALTHY False 0.0 nan
kinpert H3 passive MHE 2 HEALTHY False 0.0 nan
kinpert H3 passive EKF 1 HEALTHY False 0.0 nan
kinpert H3 passive EKF 0 HEALTHY False 0.0 nan
kinpert H3 passive EKF 2 HEALTHY False 0.0 nan
kinpert H3 active MHE 1 HEALTHY False 0.0 nan
kinpert H3 active MHE 0 HEALTHY False 0.0 nan
kinpert H3 active MHE 2 HEALTHY False 0.0 nan
kinpert H3 active EKF 0 HEALTHY False 0.0 nan
kinpert H3 active EKF 1 HEALTHY False 0.0 nan
kinpert H3 active EKF 2 HEALTHY False 0.0 nan
kinpert H4 passive MHE 0 HEALTHY False 0.0 nan
kinpert H4 passive MHE 1 HEALTHY False 0.0 nan
kinpert H4 passive MHE 2 HEALTHY False 0.0 nan
kinpert H4 passive EKF 0 MEMBRANE True 0.0 60.0
kinpert H4 passive EKF 1 MEMBRANE True 0.0 60.0
kinpert H4 passive EKF 2 MEMBRANE True 0.0 60.0
kinpert H4 active MHE 0 NOT_ESTABLISHED False 0.0 nan
kinpert H4 active MHE 1 HEALTHY False 0.0 nan
kinpert H4 active MHE 2 NOT_ESTABLISHED False 0.0 nan
kinpert H4 active EKF 0 MEMBRANE True 0.0 56.0
kinpert H4 active EKF 1 MEMBRANE True 0.0 54.0
kinpert H4 active EKF 2 MEMBRANE True 0.0 54.0
kinpert H5 passive MHE 0 HEALTHY True 1.0 1.0
kinpert H5 passive MHE 1 HEALTHY True 1.0 1.0
kinpert H5 passive MHE 2 HEALTHY True 1.0 1.0
kinpert H5 passive EKF 0 HEALTHY True 0.76 31.0
kinpert H5 passive EKF 1 HEALTHY True 0.73 58.0
kinpert H5 passive EKF 2 HEALTHY True 0.73 55.0
kinpert H5 active MHE 0 HEALTHY True 1.0 1.0
kinpert H5 active MHE 1 HEALTHY True 1.0 1.0
kinpert H5 active MHE 2 HEALTHY True 1.0 1.0
kinpert H5 active EKF 0 MEMBRANE False 0.85 nan
kinpert H5 active EKF 1 MEMBRANE False 0.83 nan
kinpert H5 active EKF 2 MEMBRANE False 0.85 nan
kinpert H6 passive MHE 0 HEALTHY True 1.0 1.0
kinpert H6 passive MHE 1 HEALTHY True 1.0 1.0
kinpert H6 passive MHE 2 HEALTHY True 1.0 1.0
kinpert H6 passive EKF 0 HEALTHY True 0.73 31.0
kinpert H6 passive EKF 1 HEALTHY True 0.73 58.0
kinpert H6 passive EKF 2 HEALTHY True 0.73 55.0
kinpert H6 active MHE 0 HEALTHY True 1.0 1.0
kinpert H6 active MHE 1 HEALTHY True 1.0 1.0
kinpert H6 active MHE 2 HEALTHY True 1.0 1.0
kinpert H6 active EKF 0 MEMBRANE False 0.85 nan
kinpert H6 active EKF 1 MEMBRANE False 0.83 nan
kinpert H6 active EKF 2 MEMBRANE False 0.85 nan
kinpert H7 passive MHE 0 NOT_ESTABLISHED False 0.0 nan
kinpert H7 passive MHE 1 NOT_ESTABLISHED False 0.0 nan
kinpert H7 passive MHE 2 NOT_ESTABLISHED False 0.0 nan
kinpert H7 passive EKF 0 MEMBRANE False 0.0 nan
kinpert H7 passive EKF 1 MEMBRANE False 0.0 nan
kinpert H7 passive EKF 2 MEMBRANE False 0.0 nan
kinpert H7 active MHE 0 NOT_ESTABLISHED False 0.0 nan
kinpert H7 active MHE 1 NOT_ESTABLISHED False 0.0 nan
kinpert H7 active MHE 2 NOT_ESTABLISHED False 0.0 nan
kinpert H7 active EKF 0 MEMBRANE False 0.0 nan
kinpert H7 active EKF 1 MEMBRANE False 0.0 nan
kinpert H7 active EKF 2 MEMBRANE False 0.0 nan
     truth excitation estimator  accuracy  calibration  median_time
0  kinpert     active       EKF  0.285714     0.241580         36.0
1  kinpert     active       MHE  0.285714     0.285714          1.0
2  kinpert    passive       EKF  0.571429     0.210221         55.0
3  kinpert    passive       MHE  0.285714     0.285714          1.0
4  nominal     active       EKF  0.714286     0.506388         16.0
5  nominal     active       MHE  0.619048     0.290360         19.0
6  nominal    passive       EKF  0.714286     0.486643         13.0
7  nominal    passive       MHE  0.904762     0.379791         19.0
FAILURES (kept):
truth    history  excitation  estimator
kinpert  H1       active      EKF                          HEALTHY
                              MHE                          HEALTHY
                  passive     EKF                          HEALTHY
                              MHE                          HEALTHY
         H2       active      MHE                  NOT_ESTABLISHED
                  passive     MHE                  NOT_ESTABLISHED
         H3       active      EKF                          HEALTHY
                              MHE                          HEALTHY
                  passive     EKF                          HEALTHY
                              MHE                          HEALTHY
         H4       active      MHE          HEALTHY,NOT_ESTABLISHED
                  passive     MHE                          HEALTHY
         H5       active      EKF                         MEMBRANE
         H6       active      EKF                         MEMBRANE
         H7       active      EKF                         MEMBRANE
                              MHE                  NOT_ESTABLISHED
                  passive     EKF                         MEMBRANE
                              MHE                  NOT_ESTABLISHED
nominal  H1       active      EKF                             BOTH
                              MHE                             BOTH
                  passive     EKF                             BOTH
                              MHE                             BOTH
         H2       active      EKF                             BOTH
                              MHE                  NOT_ESTABLISHED
                  passive     EKF                             BOTH
         H3       active      EKF                             BOTH
                              MHE                             BOTH
                  passive     EKF                             BOTH
                              MHE                             BOTH
         H4       active      EKF                             BOTH
                  passive     EKF                             BOTH
         H6       active      EKF                         MEMBRANE
                  passive     EKF                         MEMBRANE
         H7       active      EKF                         MEMBRANE
                              MHE                  NOT_ESTABLISHED
                  passive     EKF                         MEMBRANE
