np200 H1 passive MHE 0 BOTH False 0.0 nan
np200 H1 passive MHE 1 BOTH False 0.0 nan
np200 H1 passive MHE 2 BOTH False 0.0 nan
np200 H1 passive EKF 0 BOTH False 0.0 nan
np200 H1 passive EKF 1 BOTH False 0.27 nan
np200 H1 passive EKF 2 BOTH False 0.0 nan
np200 H1 active MHE 0 BOTH False 0.0 nan
np200 H1 active MHE 1 BOTH False 0.0 nan
np200 H1 active MHE 2 BOTH False 0.0 nan
np200 H1 active EKF 0 BOTH False 0.0 nan
np200 H1 active EKF 1 BOTH False 0.22 nan
np200 H1 active EKF 2 BOTH False 0.0 nan
np200 H2 passive MHE 0 BOTH False 0.0 nan
np200 H2 passive MHE 1 MEMBRANE True 0.0 45.0
np200 H2 passive MHE 2 MEMBRANE True 0.0 6.0
np200 H2 passive EKF 0 MEMBRANE True 0.2 5.0
np200 H2 passive EKF 1 BOTH False 0.0 nan
np200 H2 passive EKF 2 MEMBRANE True 0.85 4.0
np200 H2 active MHE 0 NOT_ESTABLISHED False 0.0 nan
np200 H2 active MHE 1 NOT_ESTABLISHED False 0.0 nan
np200 H2 active MHE 2 NOT_ESTABLISHED False 0.0 nan
np200 H2 active EKF 0 MEMBRANE True 0.12 5.0
np200 H2 active EKF 1 BOTH False 0.0 nan
np200 H2 active EKF 2 MEMBRANE True 0.8 4.0
np200 H3 passive MHE 0 BOTH False 0.0 nan
np200 H3 passive MHE 1 BOTH False 0.0 nan
np200 H3 passive MHE 2 BOTH False 0.0 nan
np200 H3 passive EKF 0 BOTH False 0.05 nan
np200 H3 passive EKF 1 BOTH False 0.49 nan
np200 H3 passive EKF 2 BOTH False 0.0 nan
np200 H3 active MHE 0 BOTH False 0.0 nan
np200 H3 active MHE 1 BOTH False 0.0 nan
np200 H3 active MHE 2 BOTH False 0.0 nan
np200 H3 active EKF 0 BOTH False 0.07 nan
np200 H3 active EKF 1 BOTH False 0.51 nan
np200 H3 active EKF 2 BOTH False 0.0 nan
np200 H4 passive MHE 0 BOTH False 0.56 nan
np200 H4 passive MHE 1 MEMBRANE True 0.71 31.0
np200 H4 passive MHE 2 MEMBRANE True 0.73 30.0
np200 H4 passive EKF 0 MEMBRANE True 0.93 21.0
np200 H4 passive EKF 1 BOTH False 0.15 nan
np200 H4 passive EKF 2 MEMBRANE True 0.85 21.0
np200 H4 active MHE 0 BOTH False 0.0 nan
np200 H4 active MHE 1 MEMBRANE True 0.12 55.0
np200 H4 active MHE 2 BOTH False 0.0 nan
np200 H4 active EKF 0 BOTH False 0.0 nan
np200 H4 active EKF 1 BOTH False 0.0 nan
np200 H4 active EKF 2 MEMBRANE True 0.56 33.0
np200 H5 passive MHE 0 HEALTHY True 1.0 1.0
np200 H5 passive MHE 1 HEALTHY True 1.0 1.0
np200 H5 passive MHE 2 HEALTHY True 1.0 1.0
np200 H5 passive EKF 0 HEALTHY True 0.46 1.0
np200 H5 passive EKF 1 CATALYST False 0.0 nan
np200 H5 passive EKF 2 HEALTHY True 0.93 1.0
np200 H5 active MHE 0 HEALTHY True 1.0 1.0
np200 H5 active MHE 1 HEALTHY True 1.0 1.0
np200 H5 active MHE 2 HEALTHY True 1.0 1.0
np200 H5 active EKF 0 HEALTHY True 0.46 1.0
np200 H5 active EKF 1 CATALYST False 0.0 nan
np200 H5 active EKF 2 HEALTHY True 0.93 1.0
   truth excitation estimator  accuracy  calibration  median_time
0  np200     active       EKF  0.333333     0.245528          4.0
1  np200     active       MHE  0.266667     0.208130          1.0
2  np200    passive       EKF  0.400000     0.344715          4.5
3  np200    passive       MHE  0.466667     0.333333          6.0
FAILURES (kept):
truth  history  excitation  estimator
np200  H1       active      EKF                     BOTH
                            MHE                     BOTH
                passive     EKF                     BOTH
                            MHE                     BOTH
       H2       active      EKF                     BOTH
                            MHE          NOT_ESTABLISHED
                passive     EKF                     BOTH
                            MHE                     BOTH
       H3       active      EKF                     BOTH
                            MHE                     BOTH
                passive     EKF                     BOTH
                            MHE                     BOTH
       H4       active      EKF                     BOTH
                            MHE                     BOTH
                passive     EKF                     BOTH
                            MHE                     BOTH
       H5       active      EKF                 CATALYST
                passive     EKF                 CATALYST
