np200 H1 passive MHE 0 CATALYST True 0.02 19.0
np200 H1 passive MHE 1 BOTH False 0.0 nan
np200 H1 passive MHE 2 CATALYST True 0.0 36.0
np200 H1 passive EKF 0 CATALYST True 0.83 21.0
np200 H1 passive EKF 1 CATALYST True 0.95 11.0
np200 H1 passive EKF 2 BOTH False 0.0 nan
np200 H1 active MHE 0 CATALYST True 0.05 39.0
np200 H1 active MHE 1 BOTH False 0.0 nan
np200 H1 active MHE 2 BOTH False 0.0 nan
np200 H1 active EKF 0 CATALYST True 0.88 18.0
np200 H1 active EKF 1 CATALYST True 0.98 11.0
np200 H1 active EKF 2 BOTH False 0.0 nan
np200 H2 passive MHE 0 MEMBRANE True 0.0 6.0
np200 H2 passive MHE 1 MEMBRANE True 0.0 6.0
np200 H2 passive MHE 2 MEMBRANE True 0.0 6.0
np200 H2 passive EKF 0 MEMBRANE True 0.85 4.0
np200 H2 passive EKF 1 BOTH False 0.0 nan
np200 H2 passive EKF 2 MEMBRANE True 1.0 4.0
np200 H2 active MHE 0 NOT_ESTABLISHED False 0.0 nan
np200 H2 active MHE 1 NOT_ESTABLISHED False 0.0 nan
np200 H2 active MHE 2 NOT_ESTABLISHED False 0.0 nan
np200 H2 active EKF 0 MEMBRANE True 0.9 4.0
np200 H2 active EKF 1 BOTH False 0.0 nan
np200 H2 active EKF 2 MEMBRANE True 1.0 4.0
np200 H3 passive MHE 0 CATALYST True 0.2 21.0
np200 H3 passive MHE 1 BOTH False 0.0 nan
np200 H3 passive MHE 2 CATALYST True 0.02 34.0
np200 H3 passive EKF 0 CATALYST True 0.88 24.0
np200 H3 passive EKF 1 CATALYST True 0.85 13.0
np200 H3 passive EKF 2 BOTH False 0.0 nan
np200 H3 active MHE 0 CATALYST True 0.07 20.0
np200 H3 active MHE 1 BOTH False 0.0 nan
np200 H3 active MHE 2 BOTH False 0.0 nan
np200 H3 active EKF 0 CATALYST True 0.93 21.0
np200 H3 active EKF 1 CATALYST True 0.85 16.0
np200 H3 active EKF 2 BOTH False 0.0 nan
np200 H4 passive MHE 0 MEMBRANE True 0.76 22.0
np200 H4 passive MHE 1 MEMBRANE True 0.76 22.0
np200 H4 passive MHE 2 MEMBRANE True 0.76 22.0
np200 H4 passive EKF 0 MEMBRANE True 0.95 21.0
np200 H4 passive EKF 1 BOTH False 0.0 nan
np200 H4 passive EKF 2 MEMBRANE True 0.83 21.0
np200 H4 active MHE 0 MEMBRANE True 0.24 60.0
np200 H4 active MHE 1 MEMBRANE True 0.51 40.0
np200 H4 active MHE 2 MEMBRANE True 0.34 46.0
np200 H4 active EKF 0 MEMBRANE True 0.9 21.0
np200 H4 active EKF 1 BOTH False 0.0 nan
np200 H4 active EKF 2 MEMBRANE True 0.85 21.0
np200 H5 passive MHE 0 HEALTHY True 1.0 1.0
np200 H5 passive MHE 1 HEALTHY True 1.0 1.0
np200 H5 passive MHE 2 HEALTHY True 1.0 1.0
np200 H5 passive EKF 0 HEALTHY True 0.51 1.0
np200 H5 passive EKF 1 HEALTHY True 0.0 36.0
np200 H5 passive EKF 2 HEALTHY True 0.85 1.0
np200 H5 active MHE 0 HEALTHY True 1.0 1.0
np200 H5 active MHE 1 HEALTHY True 1.0 1.0
np200 H5 active MHE 2 HEALTHY True 1.0 1.0
np200 H5 active EKF 0 HEALTHY True 0.49 1.0
np200 H5 active EKF 1 HEALTHY True 0.02 39.0
np200 H5 active EKF 2 HEALTHY True 0.88 1.0
   truth excitation estimator  accuracy  calibration  median_time
0  np200     active       EKF  0.733333     0.578862         16.0
1  np200     active       MHE  0.533333     0.281301         29.5
2  np200    passive       EKF  0.733333     0.567480         13.0
3  np200    passive       MHE  0.866667     0.367480         19.0
FAILURES (kept):
truth  history  excitation  estimator
np200  H1       active      EKF                     BOTH
                            MHE                     BOTH
                passive     EKF                     BOTH
                            MHE                     BOTH
       H2       active      EKF                     BOTH
                            MHE          NOT_ESTABLISHED
                passive     EKF                     BOTH
       H3       active      EKF                     BOTH
                            MHE                     BOTH
                passive     EKF                     BOTH
                            MHE                     BOTH
       H4       active      EKF                     BOTH
                passive     EKF                     BOTH
