warning: load: '/mnt/c/Users/Admin/Desktop/WHEC/reformer_benchmark/upstream/SSMR_simulator/ICFull/Mode1_np50.mat' found by searching load path
warning: called from
    run_case at line 89 column 1

warning: load: '/mnt/c/Users/Admin/Desktop/WHEC/reformer_benchmark/upstream/SSMR_simulator/ICFull/Mode1_np50.mat' found by searching load path
warning: called from
    p6_pattern at line 12 column 5
    run_case at line 101 column 12

warning: load: '/mnt/c/Users/Admin/Desktop/WHEC/reformer_benchmark/upstream/SSMR_simulator/ICH2O/Mode1_np50_H2O.mat' found by searching load path
warning: called from
    p6_pattern at line 12 column 5
    run_case at line 101 column 12

P6 pattern: nnz 128973, colours 292
ROW 1 0.00022735364822829216 0.0020999999999999999 0.00022735400000000001 33.0
ROW 2 0.00022735364822829197 0.0020999999999999999 0.00022735400000000001 62.8
ROW 3 0.00022735364822829213 0.0020999999999999999 0.00022735400000000001 94.3
ROW 4 0.00022735364822829202 0.0020999999999999999 0.00022735400000000001 126.0
ROW 5 0.00022735364822829194 0.0020999999999999999 0.00022735400000000001 147.2
ROW 6 0.00022735364822829205 0.0020999999999999999 0.00022735400000000001 164.7
ROW 7 0.00022735364822829211 0.0020999999999999999 0.00022735400000000001 189.2
ROW 8 0.00022735364822829194 0.0020999999999999999 0.00022735400000000001 212.2
ROW 9 0.00022735364822829208 0.0020999999999999999 0.00022735400000000001 233.9
ROW 10 0.00022735364822829205 0.0020999999999999999 0.00022735400000000001 251.1
ROW 11 0.00022735364822829197 0.0020999999999999999 0.00022735400000000001 272.4
ROW 12 0.000227353648228292 0.0020999999999999999 0.00022735400000000001 288.9
ROW 13 0.00022735364822829211 0.0020999999999999999 0.00022735400000000001 310.4
ROW 14 0.00022735364822829216 0.0020999999999999999 0.00022735400000000001 333.5
ROW 15 0.000227353648228292 0.0020999999999999999 0.00022735400000000001 352.4
ROW 16 0.00022735364822829202 0.0020999999999999999 0.00022735400000000001 368.3
ROW 17 0.00022735364822829213 0.0020999999999999999 0.00022735400000000001 385.1
ROW 18 0.00022735364822829208 0.0020999999999999999 0.00022735400000000001 402.5
ROW 19 0.00022735364822829208 0.0020999999999999999 0.00022735400000000001 433.4
ROW 20 0.00022735364822829205 0.0020999999999999999 0.00022735400000000001 452.7
ROW 21 0.00022765797876705539 0.0023999999999999998 0.00022735400000000001 477.2
ROW 22 0.00023341666350415466 0.0023999999999999998 0.00022735400000000001 494.8
ROW 23 0.00026218318763086292 0.0023999999999999998 0.00022735400000000001 511.7
ROW 24 0.00026535237233599093 0.0023999999999999998 0.00022735400000000001 529.9
ROW 25 0.00026531320643621397 0.0023999999999999998 0.00022735400000000001 549.1
ROW 26 0.00026531328879127343 0.0023999999999999998 0.00022735400000000001 567.9
ROW 27 0.00026531321763017114 0.0023999999999999998 0.00022735400000000001 591.4
ROW 28 0.0002653132201443687 0.0023999999999999998 0.00022735400000000001 610.5
ROW 29 0.0002653132200714702 0.0023999999999999998 0.00022735400000000001 626.0
ROW 30 0.00026531322007065906 0.0023999999999999998 0.00022735400000000001 641.2
ROW 31 0.00026531322007066605 0.0023999999999999998 0.00022735400000000001 656.4
ROW 32 0.00026531322007066654 0.0023999999999999998 0.00022735400000000001 672.1
ROW 33 0.00026531322007066675 0.0023999999999999998 0.00022735400000000001 688.0
ROW 34 0.00026531322007066681 0.0023999999999999998 0.00022735400000000001 699.4
ROW 35 0.00026531322007066686 0.0023999999999999998 0.00022735400000000001 707.7
ROW 36 0.00026531322007066681 0.0023999999999999998 0.00022735400000000001 718.9
ROW 37 0.0002653132200706667 0.0023999999999999998 0.00022735400000000001 728.1
ROW 38 0.00026531322007066675 0.0023999999999999998 0.00022735400000000001 736.0
ROW 39 0.00026531322007066675 0.0023999999999999998 0.00022735400000000001 743.8
ROW 40 0.00026531322007066681 0.0023999999999999998 0.00022735400000000001 753.9
ROW 41 0.00026531322007066686 0.0023999999999999998 0.00022735400000000001 768.2
Elapsed time is 768.21 seconds.
SAVED trajectory.csv rows=41
