warning: load: '/mnt/c/Users/Admin/Desktop/WHEC/reformer_benchmark/upstream/SSMR_simulator/ICFull/Mode1_np50.mat' found by searching load path
warning: called from
    run_case at line 89 column 1

warning: load: '/mnt/c/Users/Admin/Desktop/WHEC/reformer_benchmark/upstream/SSMR_simulator/ICFull/Mode1_np50.mat' found by searching load path
warning: called from
    p6_pattern at line 12 column 5
    run_case at line 101 column 12

warning: load: '/mnt/c/Users/Admin/Desktop/WHEC/reformer_benchmark/upstream/SSMR_simulator/ICH2O/Mode1_np50_H2O.mat' found by searching load path
warning: called from
    p6_pattern at line 12 column 5
    run_case at line 101 column 12

P6 pattern: nnz 128973, colours 292
ROW 1 0.00022735364822829216 0.0020999999999999999 0.00022735400000000001 35.3
ROW 2 0.00022735364885362186 0.0021000004891476879 0.00022735400000000001 65.1
ROW 3 0.00022735366017944075 0.0021000009692958496 0.00022735400000000001 95.4
ROW 4 0.00022735370193369101 0.0021000014339232144 0.00022735400000000001 125.1
ROW 5 0.00022735376459215236 0.002100001840965184 0.00022735400000000001 146.0
ROW 6 0.0002273538293382094 0.0021000021620502813 0.00022735400000000001 165.3
ROW 7 0.00022735388755512468 0.0021000023947334262 0.00022735400000000001 188.3
ROW 8 0.00022735393540296455 0.0021000025481037613 0.00022735400000000001 209.0
ROW 9 0.00022735397144661081 0.0021000026363895423 0.00022735400000000001 233.8
ROW 10 0.00022735399625008321 0.0021000026757298121 0.00022735400000000001 250.5
ROW 11 0.00022735401149165334 0.0021000026814524575 0.00022735400000000001 271.6
ROW 12 0.00022735401927823022 0.0021000026665718885 0.00022735400000000001 289.4
ROW 13 0.00022735402173174315 0.0021000026412184157 0.00022735400000000001 306.5
ROW 14 0.00022735402073601233 0.0021000026126262515 0.00022735400000000001 333.2
ROW 15 0.00022735401781193715 0.0021000025854636759 0.00022735400000000001 351.9
ROW 16 0.00022735401408711684 0.0021000025623308942 0.00022735400000000001 368.1
ROW 17 0.00022735401032393019 0.0021000025442974011 0.00022735400000000001 383.9
ROW 18 0.00022735400697887503 0.0021000025313998149 0.00022735400000000001 401.3
ROW 19 0.00022735400427360944 0.0021000025230580878 0.00022735400000000001 428.5
ROW 20 0.00022735400226458823 0.0021000025183945245 0.00022735400000000001 449.8
ROW 21 0.00022735400090370786 0.0021000025164577968 0.00022735400000000001 470.4
ROW 22 0.00022735400013706512 0.0021000025163643824 0.00022735400000000001 489.6
ROW 23 0.00022735399963214978 0.0021000025173041775 0.00022735400000000001 505.1
ROW 24 0.00022735399955633878 0.0021000025189278032 0.00022735400000000001 521.3
ROW 25 0.00022735399965640268 0.0021000025206450936 0.00022735400000000001 540.3
ROW 26 0.00022735399984708484 0.0021000025222217135 0.00022735400000000001 558.2
ROW 27 0.00022735400007410306 0.0021000025235357669 0.00022735400000000001 576.6
ROW 28 0.00022735400029556536 0.0021000025245387615 0.00022735400000000001 600.1
ROW 29 0.00022735400048733774 0.0021000025252391466 0.00022735400000000001 618.1
ROW 30 0.00022735400063912735 0.0021000025256779405 0.00022735400000000001 633.5
ROW 31 0.00022735400074939323 0.0021000025259099199 0.00022735400000000001 649.4
ROW 32 0.00022735400082206576 0.0021000025259917837 0.00022735400000000001 664.9
ROW 33 0.00022735400086100211 0.0021000025259747548 0.00022735400000000001 680.4
ROW 34 0.00022735400088548532 0.0021000025259048085 0.00022735400000000001 697.0
ROW 35 0.00022735400088628579 0.0021000025258012182 0.00022735400000000001 705.6
ROW 36 0.00022735400087813446 0.002100002525696558 0.00022735400000000001 714.1
ROW 37 0.00022735400086568107 0.0021000025256027134 0.00022735400000000001 726.1
ROW 38 0.00022735400085164569 0.0021000025255254588 0.00022735400000000001 734.6
ROW 39 0.00022735400083832516 0.0021000025254668997 0.00022735400000000001 742.7
ROW 40 0.00022735400082698071 0.0021000025254260131 0.00022735400000000001 750.7
ROW 41 0.00022735400081808302 0.0021000025254000764 0.00022735400000000001 765.5
ROW 42 0.00022735400081163546 0.0021000025253857411 0.00022735400000000001 775.2
ROW 43 0.0002273540008073556 0.0021000025253796635 0.00022735400000000001 784.1
ROW 44 0.00022735400080498334 0.0021000025253788911 0.00022735400000000001 794.6
ROW 45 0.00022735400080340653 0.0021000025253808258 0.00022735400000000001 804.7
ROW 46 0.00022735400080311059 0.002100002525384408 0.00022735400000000001 813.7
ROW 47 0.00022735400080329968 0.0021000025253878766 0.00022735400000000001 822.0
ROW 48 0.0002273540008037104 0.0021000025253905875 0.00022735400000000001 831.6
ROW 49 0.00022735400080417414 0.0021000025253922442 0.00022735400000000001 841.2
ROW 50 0.0002273540008045711 0.0021000025253927776 0.00022735400000000001 850.5
ROW 51 0.00022735400080483957 0.0021000025253922819 0.00022735400000000001 860.1
ROW 52 0.00022735400080495873 0.0021000025253909336 0.00022735400000000001 871.0
ROW 53 0.00022735400080493289 0.0021000025253889373 0.00022735400000000001 880.4
ROW 54 0.000227354000804783 0.0021000025253864909 0.00022735400000000001 890.0
ROW 55 0.00022735400080453431 0.0021000025253837635 0.00022735400000000001 898.6
ROW 56 0.00022735400080421513 0.00210000252538089 0.00022735400000000001 907.5
ROW 57 0.00022735400080384899 0.0021000025253779656 0.00022735400000000001 916.9
ROW 58 0.00022735400080345421 0.0021000025253750548 0.00022735400000000001 927.4
ROW 59 0.0002273540008030479 0.002100002525372196 0.00022735400000000001 937.4
ROW 60 0.00022735400080264338 0.0021000025253694048 0.00022735400000000001 947.3
ROW 61 0.00022735400080224464 0.0021000025253666791 0.00022735400000000001 956.0
ROW 62 0.00022735400080185135 0.0021000025253640107 0.00022735400000000001 964.5
ROW 63 0.00022735400080146803 0.0021000025253613925 0.00022735400000000001 973.0
ROW 64 0.00022735400080109455 0.0021000025253588113 0.00022735400000000001 982.3
ROW 65 0.00022735400080072717 0.0021000025253562538 0.00022735400000000001 990.8
ROW 66 0.00022735400080036488 0.0021000025253537116 0.00022735400000000001 999.6
ROW 67 0.00022735400080000674 0.0021000025253511785 0.00022735400000000001 1008.5
ROW 68 0.00022735400079965115 0.0021000025253486488 0.00022735400000000001 1018.2
ROW 69 0.00022735400079929526 0.0021000025253461192 0.00022735400000000001 1028.0
ROW 70 0.00022735400079894162 0.0021000025253435904 0.00022735400000000001 1037.7
ROW 71 0.00022735400079858985 0.0021000025253410598 0.00022735400000000001 1046.4
ROW 72 0.00022735400079823724 0.002100002525338525 0.00022735400000000001 1055.5
ROW 73 0.00022735400079788404 0.0021000025253359871 0.00022735400000000001 1064.2
ROW 74 0.00022735400079753031 0.002100002525333447 0.00022735400000000001 1073.3
ROW 75 0.000227354000797176 0.0021000025253309061 0.00022735400000000001 1083.7
ROW 76 0.00022735400079682135 0.0021000025253283651 0.00022735400000000001 1092.8
ROW 77 0.00022735400079646671 0.0021000025253258251 0.00022735400000000001 1103.1
ROW 78 0.00022735400079611207 0.0021000025253232859 0.00022735400000000001 1111.8
ROW 79 0.00022735400079575759 0.0021000025253207475 0.00022735400000000001 1119.2
ROW 80 0.000227354000795403 0.0021000025253182105 0.00022735400000000001 1128.2
ROW 81 0.00022735400079504866 0.0021000025253156748 0.00022735400000000001 1136.2
ROW 82 0.0002273540007946941 0.0021000025253131403 0.00022735400000000001 1143.3
ROW 83 0.00022735400079434016 0.0021000025253106081 0.00022735400000000001 1149.8
ROW 84 0.00022735400079398481 0.0021000025253080771 0.00022735400000000001 1161.3
ROW 85 0.00022735400079363104 0.0021000025253055492 0.00022735400000000001 1171.8
ROW 86 0.00022735400079327894 0.002100002525303023 0.00022735400000000001 1182.4
ROW 87 0.00022735400079292628 0.0021000025253004959 0.00022735400000000001 1193.8
ROW 88 0.0002273540007925734 0.0021000025252979693 0.00022735400000000001 1206.8
ROW 89 0.00022735400079222065 0.0021000025252954435 0.00022735400000000001 1218.0
ROW 90 0.00022735400079186785 0.0021000025252929187 0.00022735400000000001 1228.0
ROW 91 0.00022735400079151519 0.0021000025252903951 0.00022735400000000001 1238.8
ROW 92 0.00022735400079116271 0.0021000025252878723 0.00022735400000000001 1248.9
ROW 93 0.00022735400079081027 0.0021000025252853509 0.00022735400000000001 1258.3
ROW 94 0.0002273540007904579 0.0021000025252828308 0.00022735400000000001 1267.8
ROW 95 0.00022735400079010586 0.002100002525280312 0.00022735400000000001 1278.2
ROW 96 0.00022735400078975257 0.0021000025252777945 0.00022735400000000001 1296.4
ROW 97 0.00022735400078940089 0.00210000252527528 0.00022735400000000001 1308.8
ROW 98 0.00022735400078905047 0.0021000025252727668 0.00022735400000000001 1323.5
ROW 99 0.00022735400078869835 0.0021000025252702532 0.00022735400000000001 1336.2
ROW 100 0.00022735400078834734 0.0021000025252677417 0.00022735400000000001 1348.0
ROW 101 0.00022735400078799749 0.0021000025252652312 0.00026145709999999997 1363.7
ROW 102 0.0002274046626746732 0.0021474237707881649 0.00026145709999999997 1375.9
ROW 103 0.00022802890723080065 0.0021939863941417086 0.00026145709999999997 1389.1
ROW 104 0.00023356729815160389 0.0022397028675173792 0.00026145709999999997 1404.2
ROW 105 0.00023980153820954311 0.0022777531684956436 0.00026145709999999997 1418.9
ROW 106 0.00024594999322524703 0.0023072828952921494 0.00026145709999999997 1433.5
ROW 107 0.00025069091544876933 0.0023284240534754046 0.00026145709999999997 1445.3
ROW 108 0.00025433114697413946 0.0023431280858625574 0.00026145709999999997 1456.0
ROW 109 0.00025692942804066138 0.0023528892678259237 0.00026145709999999997 1465.2
ROW 110 0.0002587216753686769 0.0023591281411610675 0.00026145709999999997 1472.3
ROW 111 0.00025983709008054964 0.0023629392252592476 0.00026145709999999997 1481.7
ROW 112 0.00026059340495972986 0.0023652434670717046 0.00026145709999999997 1496.6
ROW 113 0.00026096539919196019 0.0023665234733310104 0.00026145709999999997 1506.5
ROW 114 0.00026127928594611694 0.0023673046752363189 0.00026145709999999997 1529.0
ROW 115 0.00026139697003705155 0.0023676585312635374 0.00026145709999999997 1542.2
ROW 116 0.00026149835393436287 0.0023678562974785529 0.00026145709999999997 1552.2
ROW 117 0.00026155558942370154 0.0023679159145838903 0.00026145709999999997 1562.0
ROW 118 0.0002615885386404514 0.0023678983239059665 0.00026145709999999997 1573.4
ROW 119 0.00026159938647080989 0.0023678362142386046 0.00026145709999999997 1582.7
ROW 120 0.0002615995442762861 0.0023677597220863205 0.00026145709999999997 1592.3
ROW 121 0.00026159414758970936 0.0023676831814020576 0.00026145709999999997 1603.7
ROW 122 0.00026158636806170661 0.002367614062201308 0.00026145709999999997 1620.3
ROW 123 0.00026157796837526862 0.0023675555494181689 0.00026145709999999997 1630.9
ROW 124 0.00026157002802638636 0.0023675084536047466 0.00026145709999999997 1640.7
ROW 125 0.00026156310711696859 0.002367472126431157 0.00026145709999999997 1650.5
ROW 126 0.00026155740873723578 0.0023674451660566629 0.00026145709999999997 1663.3
ROW 127 0.00026155261918671727 0.0023674259009042182 0.00026145709999999997 1672.5
ROW 128 0.00026154927492395364 0.0023674130996801492 0.00026145709999999997 1680.0
ROW 129 0.00026154686718480046 0.0023674047771388347 0.00026145709999999997 1687.8
ROW 130 0.0002615452184661239 0.0023673996673309475 0.00026145709999999997 1694.3
ROW 131 0.00026154413982750624 0.0023673967384939664 0.00026145709999999997 1700.1
ROW 132 0.00026154346559469847 0.0023673952169208953 0.00026145709999999997 1706.1
ROW 133 0.00026154306903408914 0.002367394554451497 0.00026145709999999997 1712.1
ROW 134 0.00026154285501624603 0.002367394374976768 0.00026145709999999997 1719.7
ROW 135 0.00026154276648209825 0.002367394431493084 0.00026145709999999997 1729.3
ROW 136 0.00026154271308472215 0.0023673945539717483 0.00026145709999999997 1737.3
ROW 137 0.00026154271698551401 0.0023673946965842426 0.00026145709999999997 1744.9
ROW 138 0.0002615427309525619 0.0023673947805218005 0.00026145709999999997 1752.4
ROW 139 0.00026154274542498023 0.0023673947931437045 0.00026145709999999997 1760.6
ROW 140 0.00026154275563123214 0.0023673947339775017 0.00026145709999999997 1766.3
ROW 141 0.00026154275831322186 0.0023673946089586063 0.00026145709999999997 1772.4
ROW 142 0.00026154275273683258 0.0023673944284423147 0.00026145709999999997 1778.9
ROW 143 0.00026154273945485328 0.0023673942037320227 0.00026145709999999997 1784.5
ROW 144 0.00026154271954109063 0.002367393945350061 0.00026145709999999997 1790.8
ROW 145 0.00026154269425628194 0.0023673936623433939 0.00026145709999999997 1797.1
ROW 146 0.00026154266482647 0.0023673933620353945 0.00026145709999999997 1803.1
ROW 147 0.00026154263232821038 0.0023673930500777559 0.00026145709999999997 1809.0
ROW 148 0.0002615425976472266 0.0023673927306567897 0.00026145709999999997 1814.6
ROW 149 0.00026154256147663078 0.0023673924067545839 0.00026145709999999997 1820.3
ROW 150 0.00026154252433613926 0.0023673920804117691 0.00026145709999999997 1828.0
ROW 151 0.00026154248660041531 0.0023673917529636415 0.00022735400000000001 1833.6
ROW 152 0.00026149307853491475 0.0023199701797119894 0.00022735400000000001 1841.4
ROW 153 0.00026082516767417409 0.0022734054324165722 0.00022735400000000001 1852.3
ROW 154 0.00025596748168039605 0.0022277475313592617 0.00022735400000000001 1861.2
ROW 155 0.00025048105244238397 0.0021888082030295112 0.00022735400000000001 1874.0
ROW 156 0.00024482184215980337 0.0021573653045823139 0.00022735400000000001 1882.9
ROW 157 0.00023975584737871944 0.0021336475108998196 0.00022735400000000001 1892.1
ROW 158 0.00023558666348249944 0.0021168292785553378 0.00022735400000000001 1900.5
ROW 159 0.00023215806338810268 0.0021056807151434297 0.00022735400000000001 1906.9
ROW 160 0.00022992935586482429 0.0020991958224311478 0.00022735400000000001 1913.1
ROW 161 0.0002283693882961512 0.0020957257662291666 0.00022735400000000001 1920.2
ROW 162 0.00022730331803857349 0.0020943704594999345 0.00022735400000000001 1926.6
ROW 163 0.00022677073410792636 0.002094459934103845 0.00022735400000000001 1932.6
ROW 164 0.00022662545692297119 0.0020952647254040379 0.00022735400000000001 1938.8
ROW 165 0.00022659998255465246 0.0020962592503337989 0.00022735400000000001 1945.3
ROW 166 0.00022671341384461396 0.0020972861946118924 0.00022735400000000001 1952.6
ROW 167 0.00022683755769117834 0.0020981552633569721 0.00022735400000000001 1958.6
ROW 168 0.00022693364704680548 0.0020988547862741931 0.00022735400000000001 1965.2
ROW 169 0.00022705460877657743 0.0020994239525695267 0.00022735400000000001 1971.5
ROW 170 0.00022715827135871226 0.0020998274527983724 0.00022735400000000001 1977.4
ROW 171 0.00022724183037388154 0.0021000898583680943 0.00022735400000000001 1983.3
ROW 172 0.00022730476138656223 0.0021002386505521681 0.00022735400000000001 1989.3
ROW 173 0.00022734820865587813 0.0021003019855548376 0.00022735400000000001 1996.1
ROW 174 0.00022737720842189537 0.0021003064285447098 0.00022735400000000001 2005.0
ROW 175 0.00022739051390764059 0.0021002715806388143 0.00022735400000000001 2013.4
ROW 176 0.00022739398151853707 0.0021002189048557594 0.00022735400000000001 2021.7
ROW 177 0.00022739138385164184 0.0021001617006880134 0.00022735400000000001 2029.6
ROW 178 0.00022738553839018463 0.0021001081666141125 0.00022735400000000001 2036.6
ROW 179 0.00022737836065688592 0.0021000626764931716 0.00022735400000000001 2045.3
ROW 180 0.00022737114183702252 0.002100027009399495 0.00022735400000000001 2052.1
ROW 181 0.00022736468334504572 0.0021000011952235142 0.00022735400000000001 2058.4
ROW 182 0.00022735904857154151 0.0020999841801183183 0.00022735400000000001 2064.7
ROW 183 0.00022735504770654707 0.0020999748406376187 0.00022735400000000001 2071.6
ROW 184 0.00022735230738904624 0.0020999709277482394 0.00022735400000000001 2081.2
ROW 185 0.00022735075645063035 0.0020999707298097721 0.00022735400000000001 2095.4
ROW 186 0.00022734973938267751 0.0020999726245222667 0.00022735400000000001 2108.8
ROW 187 0.0002273495861029212 0.0020999758986773053 0.00022735400000000001 2118.8
ROW 188 0.00022734978727466739 0.0020999793644352889 0.00022735400000000001 2126.8
ROW 189 0.00022735017179601082 0.002099982549503253 0.00022735400000000001 2137.7
ROW 190 0.00022735062993158153 0.0020999852072138203 0.00022735400000000001 2145.3
ROW 191 0.00022735107720150364 0.0020999872393198389 0.00022735400000000001 2152.3
ROW 192 0.00022735146492448057 0.0020999886623981326 0.00022735400000000001 2158.2
ROW 193 0.00022735177227267207 0.0020999895587209723 0.00022735400000000001 2164.1
ROW 194 0.00022735199607144761 0.0020999900384037784 0.00022735400000000001 2170.5
ROW 195 0.00022735214418348275 0.0020999902155311701 0.00022735400000000001 2177.7
ROW 196 0.00022735222434594861 0.0020999901932299463 0.00022735400000000001 2184.3
ROW 197 0.00022735227539189131 0.0020999900641006175 0.00022735400000000001 2191.1
ROW 198 0.00022735227880429619 0.0020999898669701116 0.00022735400000000001 2197.8
ROW 199 0.00022735226402325698 0.0020999896673524962 0.00022735400000000001 2205.1
ROW 200 0.00022735224046136005 0.0020999894894143472 0.00022735400000000001 2213.1
ROW 201 0.00022735221374234422 0.0020999893449431244 0.00019325089999999999 2219.7
ROW 202 0.00022730069839803631 0.002052567992609475 0.00019325089999999999 2227.0
ROW 203 0.00022680025492322224 0.0020060064496505879 0.00019325089999999999 2235.0
ROW 204 0.00022158430699679445 0.0019601188894127776 0.00019325089999999999 2241.9
ROW 205 0.0002149552905695649 0.0019214519990585362 0.00019325089999999999 2249.9
ROW 206 0.00020838753467019731 0.0018918620082597254 0.00019325089999999999 2257.2
ROW 207 0.00020211441573635789 0.0018712342415829137 0.00019325089999999999 2263.9
ROW 208 0.00019720977339972659 0.0018591644396462321 0.00019325089999999999 2270.4
ROW 209 0.00019338742253019101 0.0018537604976876379 0.00019325089999999999 2278.1
ROW 210 0.00019135859240496144 0.0018535528979897876 0.00019325089999999999 2284.8
ROW 211 0.00019011180684482034 0.0018560756949480438 0.00019325089999999999 2291.4
ROW 212 0.00018997490854813699 0.0018602852072764002 0.00019325089999999999 2298.0
ROW 213 0.00019025176653678265 0.0018646574141011648 0.00019325089999999999 2304.5
ROW 214 0.00019087573488099939 0.001868643384833788 0.00019325089999999999 2311.1
ROW 215 0.00019156616958337789 0.0018717700991910564 0.00019325089999999999 2318.6
ROW 216 0.00019225273306405243 0.0018739529881273117 0.00019325089999999999 2325.8
ROW 217 0.00019276844623543238 0.0018751985919437727 0.00019325089999999999 2332.2
ROW 218 0.00019315394261424978 0.0018757439737271937 0.00019325089999999999 2338.2
ROW 219 0.00019334399745360873 0.0018757658378099477 0.00019325089999999999 2344.6
ROW 220 0.0001934720616922571 0.0018755326280714096 0.00019325089999999999 2350.9
ROW 221 0.00019351302741597959 0.0018751257930202112 0.00019325089999999999 2357.7
ROW 222 0.00019349709699898103 0.0018746648973013971 0.00019325089999999999 2363.6
ROW 223 0.00019344841076355087 0.0018742269657328063 0.00019325089999999999 2369.5
ROW 224 0.00019338366245821148 0.0018738562062975931 0.00019325089999999999 2376.5
ROW 225 0.00019331570545298157 0.0018735742063559905 0.00019325089999999999 2383.5
ROW 226 0.00019325377759170451 0.0018733850860314124 0.00019325089999999999 2390.8
ROW 227 0.00019320329934674032 0.0018732804267998795 0.00019325089999999999 2396.9
ROW 228 0.00019316648173689995 0.0018732444882791463 0.00019325089999999999 2402.6
ROW 229 0.00019314316298374532 0.0018732585772225569 0.00019325089999999999 2408.2
ROW 230 0.0001931316209796203 0.0018733042694884367 0.00019325089999999999 2416.1
ROW 231 0.00019312929868781862 0.0018733655235368071 0.00019325089999999999 2422.7
ROW 232 0.00019313338987778022 0.0018734298054565021 0.00019325089999999999 2428.5
ROW 233 0.00019314125915737454 0.0018734884172248473 0.00019325089999999999 2436.8
ROW 234 0.00019315070087941828 0.0018735362549457668 0.00019325089999999999 2444.8
ROW 235 0.00019316005982049554 0.0018735712169305669 0.00019325089999999999 2451.0
ROW 236 0.00019316824537090392 0.0018735934498516852 0.00019325089999999999 2457.5
ROW 237 0.00019317518435777844 0.0018736045776930864 0.00019325089999999999 2465.1
ROW 238 0.00019317966401527896 0.0018736063010320863 0.00019325089999999999 2474.4
ROW 239 0.00019318225112673846 0.0018736020058497177 0.00019325089999999999 2480.4
ROW 240 0.00019318323411443483 0.0018735942627280953 0.00019325089999999999 2486.6
ROW 241 0.00019318302530992379 0.0018735852557832183 0.00019325089999999999 2492.7
ROW 242 0.00019318206803681034 0.0018735766035883974 0.00019325089999999999 2499.3
ROW 243 0.00019318074608042389 0.001873569318767612 0.00019325089999999999 2505.5
ROW 244 0.00019317935700974195 0.001873563891250933 0.00019325089999999999 2511.6
ROW 245 0.00019317810590261831 0.0018735604065153906 0.00019325089999999999 2517.3
ROW 246 0.00019317711002717134 0.0018735586719706534 0.00019325089999999999 2522.7
ROW 247 0.00019317641376914531 0.0018735583367424469 0.00019325089999999999 2528.4
ROW 248 0.00019317600797940225 0.0018735589908634442 0.00019325089999999999 2535.8
ROW 249 0.00019317584945393232 0.0018735602379592788 0.00019325089999999999 2541.7
ROW 250 0.00019317587810812852 0.0018735617413385027 0.00019325089999999999 2547.5
ROW 251 0.00019317603044760029 0.0018735632466839885 0.00022735400000000001 2553.1
ROW 252 0.00019322702673890219 0.0019209858319558651 0.00022735400000000001 2559.3
ROW 253 0.00019370224651258026 0.001967549379134622 0.00022735400000000001 2566.2
ROW 254 0.00019954740665465451 0.0020134740523525749 0.00022735400000000001 2574.4
ROW 255 0.00020693150078248188 0.0020513025836747922 0.00022735400000000001 2581.5
ROW 256 0.00021407683265637842 0.0020790188645506218 0.00022735400000000001 2587.6
ROW 257 0.00021977720626317429 0.0020969869180585557 0.00022735400000000001 2593.6
ROW 258 0.00022413961323137284 0.0021072059943779398 0.00022735400000000001 2600.1
ROW 259 0.0002265742851792557 0.002111498836969226 0.00022735400000000001 2605.9
ROW 260 0.0002282061556976181 0.0021125116276531669 0.00022735400000000001 2611.6
ROW 261 0.00022883701385899909 0.0021113134808523879 0.00022735400000000001 2617.3
ROW 262 0.00022902953142820741 0.0021092762979073574 0.00022735400000000001 2622.9
ROW 263 0.00022889621572598482 0.0021069854769675119 0.00022735400000000001 2628.7
ROW 264 0.00022864713848364101 0.002104883583864561 0.00022735400000000001 2635.5
ROW 265 0.00022835359320128021 0.0021031239406154425 0.00022735400000000001 2641.1
ROW 266 0.00022806854885038102 0.0021017657867044176 0.00022735400000000001 2646.8
ROW 267 0.00022780381904802488 0.0021007964248800611 0.00022735400000000001 2652.4
ROW 268 0.00022766397535507065 0.0021001879819458596 0.00022735400000000001 2657.9
ROW 269 0.00022751982684740004 0.002099767443105529 0.00022735400000000001 2663.6
ROW 270 0.00022741814851083767 0.0020995438413711404 0.00022735400000000001 2669.7
ROW 271 0.000227349986905533 0.0020994581062898166 0.00022735400000000001 2675.0
ROW 272 0.00022730481401397136 0.0020994647010554412 0.00022735400000000001 2680.8
ROW 273 0.00022728588370602039 0.0020995324956276941 0.00022735400000000001 2686.2
ROW 274 0.00022728232857913356 0.0020996255717056034 0.00022735400000000001 2691.8
ROW 275 0.00022728813998288872 0.0020997231836366761 0.00022735400000000001 2697.5
ROW 276 0.0002272987628145495 0.0020998126738557424 0.00022735400000000001 2703.6
ROW 277 0.00022731119409353774 0.0020998875705811569 0.00022735400000000001 2709.1
ROW 278 0.00022732339284180033 0.002099945466790854 0.00022735400000000001 2714.8
ROW 279 0.00022733411837283065 0.0020999867211706795 0.00022735400000000001 2720.2
ROW 280 0.00022734278019426049 0.0021000133693450068 0.00022735400000000001 2725.6
ROW 281 0.00022734924548673685 0.0021000282395001748 0.00022735400000000001 2731.2
ROW 282 0.00022735415807309412 0.0021000343317586229 0.00022735400000000001 2737.0
ROW 283 0.00022735660085067326 0.002100033749173856 0.00022735400000000001 2742.3
ROW 284 0.00022735819533441947 0.0021000298862679009 0.00022735400000000001 2747.6
ROW 285 0.00022735834785993003 0.0021000238625513141 0.00022735400000000001 2753.6
ROW 286 0.00022735790927488764 0.0021000176620158011 0.00022735400000000001 2759.0
ROW 287 0.00022735718912878048 0.0021000120723218647 0.00022735400000000001 2764.8
ROW 288 0.00022735636297395166 0.0021000074712333775 0.00022735400000000001 2770.6
ROW 289 0.0002273555721888194 0.0021000039999172142 0.00022735400000000001 2776.3
ROW 290 0.00022735489708976229 0.0021000016071781404 0.00022735400000000001 2782.1
ROW 291 0.00022735436910322333 0.0021000001334707565 0.00022735400000000001 2787.8
ROW 292 0.00022735399014549372 0.0020999993773851374 0.00022735400000000001 2793.2
ROW 293 0.00022735374402104276 0.0020999991355027752 0.00022735400000000001 2799.8
ROW 294 0.00022735360549128538 0.0020999992268804289 0.00022735400000000001 2805.9
ROW 295 0.00022735354698962505 0.0020999995052049711 0.00022735400000000001 2811.9
ROW 296 0.0002273535428015653 0.0020999998618313831 0.00022735400000000001 2817.9
ROW 297 0.00022735357131604614 0.0021000002231688825 0.00022735400000000001 2823.8
ROW 298 0.00022735361588832332 0.0021000005450345321 0.00022735400000000001 2829.4
ROW 299 0.00022735366476870763 0.0021000008058578981 0.00022735400000000001 2836.2
ROW 300 0.00022735371048618962 0.0021000010000022527 0.00022735400000000001 2842.3
ROW 301 0.00022735374898190023 0.0021000011319381963 0.00022735400000000001 2848.2
Elapsed time is 2848.2 seconds.
SAVED trajectory.csv rows=301
